// Jest Snapshot v1, https://goo.gl/fbAQLP

exports[`renders assets based on basename 1`] = `
<View>
  <Image
    source={
      Object {
        "uri": "Libraries/Image/__tests__/img/img1.png",
      }
    }
  />
  <Image
    source={
      Object {
        "uri": "Libraries/Image/__tests__/img/img2.png",
      }
    }
  />
</View>
`;
